07-27 14:25:56.943  5548  6487 I SurfaceFlinger: id=95956 createSurf (0x0),-1 flag=80004, AppWindowToken{a5c51c0 token=Token{5af2743 ActivityRecord{d07a4f2 u0 com.example.dogglers/androidx.test.core.app.InstrumentationActivityInvoker$EmptyActivity t1289}}}#0
07-27 14:25:56.948  7814  7814 I SKBD_Performance: [IIManager] [PF_CL][onFinishInput] 241307
07-27 14:25:56.948  7814  7814 D InputMethodService: checkDisplayOfStartInputAndUpdateKeyboard display Id 0last 0
07-27 14:25:56.948  7814  7814 I SKBD    : SamsungKeypad [IMI] onStartInput - caller pid : 5851, caller uid : 10260
07-27 14:25:56.948  7814  7814 I SKBD    : SamsungKeypad ConnectionUtils.getNetworkStateValue() =  2
07-27 14:25:56.958  5548  6487 E BufferQueueProducer: [com.example.dogglers/com.example.dogglers.VerticalListActivity$_5851#0] disconnect: not connected (req=1)
07-27 14:25:56.958  5851  5892 W libEGL  : EGLNativeWindowType 0x76b4319210 disconnect failed
07-27 14:25:56.959  5800  7851 V WindowManager: Relayout Window{4a87642 u0 com.example.dogglers/com.example.dogglers.VerticalListActivity}: viewVisibility=8 req=1080x2340
07-27 14:25:56.962  5800  7851 V WindowManager: Relayout 5851: mAttrs={(0,0)(fillxfill) sim={adjust=resize forwardNavigation} ty=BASE_APPLICATION wanim=0x1030305
07-27 14:25:56.962  5800  7851 V WindowManager:   fl=81810100
07-27 14:25:56.962  5800  7851 V WindowManager:   pfl=10020000
07-27 14:25:56.962  5800  7851 V WindowManager:   vsysui=10 naviIconColor=0}
07-27 14:25:56.964  5851  5851 D ViewRootImpl@28e73e[VerticalListActivity]: Relayout returned: old=(0,0,1080,2340) new=(0,0,1080,2340) req=(1080,2340)8 dur=5 res=0x5 s={false 0} ch=true
07-27 14:25:56.969  5851  5851 D LifecycleMonitor: Lifecycle status change: androidx.test.core.app.InstrumentationActivityInvoker$EmptyActivity@a7d6f9d in: PAUSED
07-27 14:25:56.970  5851  5851 V ActivityScenario: Activity lifecycle changed event received but ignored because the intent does not match. startActivityIntent=Intent { act=android.intent.action.MAIN cat=[android.intent.category.LAUNCHER] cmp=com.example.dogglers/.VerticalListActivity }, activity.getIntent()=Intent { act=android.intent.action.MAIN cat=[android.intent.category.LAUNCHER] flg=0x10000000 cmp=com.example.dogglers/androidx.test.core.app.InstrumentationActivityInvoker$EmptyActivity }, activity=androidx.test.core.app.InstrumentationActivityInvoker$EmptyActivity@a7d6f9d
07-27 14:25:56.976  5800  7851 D InputDispatcher: Focused application set to (0): a5c51c0
07-27 14:25:56.982  5851  5851 D LifecycleMonitor: Lifecycle status change: androidx.test.core.app.InstrumentationActivityInvoker$BootstrapActivity@1e3a7a9 in: DESTROYED
07-27 14:25:56.983  5851  5851 V ActivityScenario: Activity lifecycle changed event received but ignored because the intent does not match. startActivityIntent=Intent { act=android.intent.action.MAIN cat=[android.intent.category.LAUNCHER] cmp=com.example.dogglers/.VerticalListActivity }, activity.getIntent()=Intent { act=android.intent.action.MAIN cat=[android.intent.category.LAUNCHER] flg=0x10008000 cmp=com.example.dogglers/androidx.test.core.app.InstrumentationActivityInvoker$BootstrapActivity (has extras) }, activity=androidx.test.core.app.InstrumentationActivityInvoker$BootstrapActivity@1e3a7a9
07-27 14:25:56.984  5851  5851 W ActivityThread: handleWindowVisibility: no activity for token android.os.BinderProxy@8d1780c
07-27 14:25:56.993  5851  5851 D LifecycleMonitor: Lifecycle status change: androidx.test.core.app.InstrumentationActivityInvoker$EmptyActivity@90bf555 in: PRE_ON_CREATE
07-27 14:25:56.993  5851  5851 V ActivityScenario: Activity lifecycle changed event received but ignored because the intent does not match. startActivityIntent=Intent { act=android.intent.action.MAIN cat=[android.intent.category.LAUNCHER] cmp=com.example.dogglers/.VerticalListActivity }, activity.getIntent()=Intent { act=android.intent.action.MAIN cat=[android.intent.category.LAUNCHER] flg=0x10000000 cmp=com.example.dogglers/androidx.test.core.app.InstrumentationActivityInvoker$EmptyActivity }, activity=androidx.test.core.app.InstrumentationActivityInvoker$EmptyActivity@90bf555
07-27 14:25:57.000  5800  7851 D InputDispatcher: Focus left window (5851): 5802189 in display 0 0
07-27 14:25:57.002  5851  5851 I MultiWindowDecorSupport: updateCaptionType >> DecorView@522d85b[], isFloating: false, isApplication: true, hasWindowDecorCaption: false, hasWindowControllerCallback: true
07-27 14:25:57.002  5851  5851 D MultiWindowDecorSupport: setCaptionType = 0, DecorView = DecorView@522d85b[]
07-27 14:25:57.007  5851  5851 D LifecycleMonitor: Lifecycle status change: androidx.test.core.app.InstrumentationActivityInvoker$EmptyActivity@90bf555 in: CREATED
07-27 14:25:57.008  5851  5851 V ActivityScenario: Activity lifecycle changed event received but ignored because the intent does not match. startActivityIntent=Intent { act=android.intent.action.MAIN cat=[android.intent.category.LAUNCHER] cmp=com.example.dogglers/.VerticalListActivity }, activity.getIntent()=Intent { act=android.intent.action.MAIN cat=[android.intent.category.LAUNCHER] flg=0x10000000 cmp=com.example.dogglers/androidx.test.core.app.InstrumentationActivityInvoker$EmptyActivity }, activity=androidx.test.core.app.InstrumentationActivityInvoker$EmptyActivity@90bf555
07-27 14:25:57.011  5851  5851 D LifecycleMonitor: Lifecycle status change: androidx.test.core.app.InstrumentationActivityInvoker$EmptyActivity@90bf555 in: STARTED
07-27 14:25:57.011  5851  5851 V ActivityScenario: Activity lifecycle changed event received but ignored because the intent does not match. startActivityIntent=Intent { act=android.intent.action.MAIN cat=[android.intent.category.LAUNCHER] cmp=com.example.dogglers/.VerticalListActivity }, activity.getIntent()=Intent { act=android.intent.action.MAIN cat=[android.intent.category.LAUNCHER] flg=0x10000000 cmp=com.example.dogglers/androidx.test.core.app.InstrumentationActivityInvoker$EmptyActivity }, activity=androidx.test.core.app.InstrumentationActivityInvoker$EmptyActivity@90bf555
07-27 14:25:57.013  5851  5851 D LifecycleMonitor: Lifecycle status change: androidx.test.core.app.InstrumentationActivityInvoker$EmptyActivity@90bf555 in: RESUMED
07-27 14:25:57.014  5851  5851 V ActivityScenario: Activity lifecycle changed event received but ignored because the intent does not match. startActivityIntent=Intent { act=android.intent.action.MAIN cat=[android.intent.category.LAUNCHER] cmp=com.example.dogglers/.VerticalListActivity }, activity.getIntent()=Intent { act=android.intent.action.MAIN cat=[android.intent.category.LAUNCHER] flg=0x10000000 cmp=com.example.dogglers/androidx.test.core.app.InstrumentationActivityInvoker$EmptyActivity }, activity=androidx.test.core.app.InstrumentationActivityInvoker$EmptyActivity@90bf555
07-27 14:25:57.019  5800  7851 D InputTransport: Input channel constructed: 'fa98d8 ', fd=484
07-27 14:25:57.020  5800  7851 D InputTransport: Input channel constructed: 'fa98d8 ', fd=487
07-27 14:25:57.020  5548  5613 I SurfaceFlinger: createSurf start. lock debugging [fa98d8 com.example.dogglers/androidx.test.core.app.InstrumentationActivityInvoker$EmptyActivity]
07-27 14:25:57.020  5548  5613 I SurfaceFlinger: id=95957 createSurf (0x0),-1 flag=80004, fa98d8 com.example.dogglers/androidx.test.core.app.InstrumentationActivityInvoker$EmptyActivity#0
07-27 14:25:57.021  5800  7851 D InputTransport: Input channel destroyed: 'fa98d8 ', fd=487
07-27 14:25:57.022  5851  5851 D ViewRootImpl@3f8f436[InstrumentationActivityInvoker$EmptyActivity]: setView = com.android.internal.policy.DecorView@522d85b TM=true MM=false
07-27 14:25:57.024  5851  5851 D ViewRootImpl@28e73e[VerticalListActivity]: stopped(true) old=false
07-27 14:25:57.025  5851  5851 D LifecycleMonitor: Lifecycle status change: com.example.dogglers.VerticalListActivity@4178460 in: STOPPED
07-27 14:25:57.025  5851  5851 V ActivityScenario: Update currentActivityStage to STOPPED, currentActivity=com.example.dogglers.VerticalListActivity@4178460
07-27 14:25:57.027  5851  5851 D LifecycleMonitor: Lifecycle status change: com.example.dogglers.VerticalListActivity@4178460 in: DESTROYED
07-27 14:25:57.027  5851  5851 V ActivityScenario: Update currentActivityStage to DESTROYED, currentActivity=null
07-27 14:25:57.031  5851  5851 D ViewRootImpl@28e73e[VerticalListActivity]: dispatchDetachedFromWindow
07-27 14:25:57.032  5800  7851 D InputTransport: Input channel destroyed: '4a87642', fd=292
07-27 14:25:57.038  5548  6487 I SurfaceFlinger: id=95951 Removed com.example.dogglers/com.example.dogglers.VerticalListActivity$_5851#0 (55)
07-27 14:25:57.038  5548  6487 I SurfaceFlinger: id=95950 Removed 4a87642 com.example.dogglers/com.example.dogglers.VerticalListActivity#0 (55)
07-27 14:25:57.039  5851  5851 D InputTransport: Input channel destroyed: '4a87642', fd=61
07-27 14:25:57.040  5851  5851 D ViewRootImpl@5af575e[InstrumentationActivityInvoker$EmptyActivity]: MSG_WINDOW_FOCUS_CHANGED 0 1
07-27 14:25:57.040  5851  5851 D InputMethodManager: prepareNavigationBarInfo() DecorView@1cd4fe3[InstrumentationActivityInvoker$EmptyActivity]
07-27 14:25:57.040  5851  5851 D InputMethodManager: getNavigationBarColor() -855310
07-27 14:25:57.043  5548  6487 I SurfaceFlinger: id=95945 Removed AppWindowToken{8c8e356 token=Token{b135b18 ActivityRecord{4119efb u0 com.example.dogglers/.VerticalListActivity t1289}}}#0 (55)
07-27 14:25:57.047  5800  7612 V WindowManager: Relayout Window{fa98d8 u0 com.example.dogglers/androidx.test.core.app.InstrumentationActivityInvoker$EmptyActivity}: viewVisibility=0 req=1080x2340
07-27 14:25:57.049  5548  6487 I SurfaceFlinger: createSurf start. lock debugging [com.example.dogglers/androidx.test.core.app.InstrumentationActivityInvoker$EmptyActivity$_5851]
07-27 14:25:57.049  5548  5548 I Layer   : id=95945[1] Destroyed AppWindowToken{8c8e356 token=Token{b135b18 ActivityRecord{4119efb u0 com.example.dogglers/.VerticalListActivity t1289}}}#0
07-27 14:25:57.049  5548  5548 I Layer   : id=95950[1] Destroyed 4a87642 com.example.dogglers/com.example.dogglers.VerticalListActivity#0
07-27 14:25:57.050  5548  5548 I Layer   : id=95951[1] Destroyed com.example.dogglers/com.example.dogglers.VerticalListActivity$_5851#0
07-27 14:25:57.051  5548  6487 I SurfaceFlinger: id=95958 createSurf (1080x2340),1 flag=404, com.example.dogglers/androidx.test.core.app.InstrumentationActivityInvoker$EmptyActivity$_5851#1
07-27 14:25:57.053  5800  5936 D WindowManager: setSystemUiVisibility: displayId=0, vis=0x8018, fullVis=0x0, dockVis=0x0, win=Window{fa98d8 u0 com.example.dogglers/androidx.test.core.app.InstrumentationActivityInvoker$EmptyActivity}
07-27 14:25:57.054  5800  7612 V WindowManager: Relayout 5851: mAttrs={(0,0)(fillxfill) sim={adjust=pan forwardNavigation} ty=BASE_APPLICATION wanim=0x1030001
07-27 14:25:57.054  5800  7612 V WindowManager:   fl=1810100
07-27 14:25:57.054  5800  7612 V WindowManager:   pfl=10020000
07-27 14:25:57.054  5800  7612 V WindowManager:   vsysui=10 naviIconColor=0}
07-27 14:25:57.056  5851  5851 D ViewRootImpl@3f8f436[InstrumentationActivityInvoker$EmptyActivity]: Relayout returned: old=(0,0,1080,2340) new=(0,0,1080,2340) req=(1080,2340)0 dur=10 res=0x7 s={true 508079955968} ch=true
07-27 14:25:57.056  5851  5892 D OpenGLRenderer: createReliableSurface : 0x769e4b0a80, 0x764bece000
07-27 14:25:57.057  5851  5892 D mali_winsys: EGLint new_window_surface(egl_winsys_display *, void *, EGLSurface, EGLConfig, egl_winsys_surface **, EGLBoolean) returns 0x3000
07-27 14:25:57.076  5851  5851 D ViewRootImpl@3f8f436[InstrumentationActivityInvoker$EmptyActivity]: MSG_WINDOW_FOCUS_CHANGED 1 1
07-27 14:25:57.077  5851  5851 D InputMethodManager: prepareNavigationBarInfo() DecorView@522d85b[InstrumentationActivityInvoker$EmptyActivity]
07-27 14:25:57.077  5851  5851 D InputMethodManager: getNavigationBarColor() -855310
07-27 14:25:57.078  5851  5851 D InputMethodManager: prepareNavigationBarInfo() DecorView@522d85b[InstrumentationActivityInvoker$EmptyActivity]
07-27 14:25:57.078  5851  5851 D InputMethodManager: getNavigationBarColor() -855310
07-27 14:25:57.078  5851  5851 V InputMethodManager: Starting input: tba=com.example.dogglers ic=null mNaviBarColor -855310 mIsGetNaviBarColorSuccess true , NavVisible : true , NavTrans : false
07-27 14:25:57.078  5851  5851 D InputMethodManager: startInputInner - Id : 0
07-27 14:25:57.078  5851  5851 I InputMethodManager: startInputInner - mService.startInputOrWindowGainedFocus
07-27 14:25:57.079  5800  7828 V InputMethodManagerService: hideCurrentInputLocked : shouldHideSoftInput is false
07-27 14:25:57.079  5800  7828 D InputMethodManagerService: mDesktopModeManager null!
07-27 14:25:57.079  5800  7828 V InputMethodManagerService: getDisplayIdOfInputMethodWindowToBeAdded : 0
07-27 14:25:57.079  5800  7828 D InputMethodManagerService: checkDisplayOfStartInputAndUpdateKeyboard display Id 0last 0
07-27 14:25:57.079  5800  7828 D InputTransport: Input channel constructed: 'ClientS', fd=292
07-27 14:25:57.079  5800  7828 D InputTransport: Input channel destroyed: 'ClientS', fd=292
07-27 14:25:57.080  5851  5851 D InputTransport: Input channel destroyed: 'ClientS', fd=82
07-27 14:25:57.081  5851  5851 D ViewRootImpl@3f8f436[InstrumentationActivityInvoker$EmptyActivity]: MSG_RESIZED: frame=(0,0,1080,2340) ci=(0,85,0,39) vi=(0,85,0,39) or=1
07-27 14:25:57.081  7814  7814 I SKBD_Performance: [IIManager] [PF_CL][onFinishInput] 281884
07-27 14:25:57.081  7814  7814 D InputMethodService: checkDisplayOfStartInputAndUpdateKeyboard display Id 0last 0
07-27 14:25:57.081  7814  7814 I SKBD    : SamsungKeypad [IMI] onStartInput - caller pid : 5851, caller uid : 10260
07-27 14:25:57.081  7814  7814 I SKBD    : SamsungKeypad ConnectionUtils.getNetworkStateValue() =  2
07-27 14:25:57.083  5800  7828 D InputDispatcher: Focus entered window (5851): fa98d8  in display 0 0
07-27 14:25:57.088  5800  7828 D InputDispatcher: Focused application set to (0): 5d5d8fc
07-27 14:25:57.091  5548  5548 I SurfaceFlinger: Display 0 HWC layers:
07-27 14:25:57.091  5548  5548 I SurfaceFlinger:     type    |    handle    | flag |  format   |   source crop (l,t,r,b)    |         frame       | name
07-27 14:25:57.091  5548  5548 I SurfaceFlinger: ------------+--------------+------+-----------+----------------------------+---------------------+------
07-27 14:25:57.091  5548  5548 I SurfaceFlinger:      CLIENT | 0x7748859540 | 0002 | RGBA_8888 |   0.0    0.0 1080.0 2340.0 |    0    0 1080 2340 | com.example.dogglers/androidx.test.c[...]ctivityInvoker$EmptyActivity$_5851#1
07-27 14:25:57.091  5548  5548 I SurfaceFlinger:      CLIENT | 0x7748858dc0 | 0000 | RGBA_8888 |   0.0    0.0 1080.0   85.0 |    0    0 1080   85 | StatusBar$_6285#0
07-27 14:25:57.091  5548  5548 I SurfaceFlinger:      CLIENT | 0x774885a6c0 | 0000 | RGBA_8888 |   0.0    0.0 1080.0  126.0 |    0 2214 1080 2340 | NavigationBar0$_6285#0
07-27 14:25:57.091  5548  5548 I SurfaceFlinger:
07-27 14:25:57.102  5548  6487 E BufferQueueProducer: [com.example.dogglers/androidx.test.core.app.InstrumentationActivityInvoker$EmptyActivity$_5851#0] disconnect: not connected (req=1)
07-27 14:25:57.102  5851  5892 W libEGL  : EGLNativeWindowType 0x769e4b0450 disconnect failed
07-27 14:25:57.102  5800  7828 V WindowManager: Relayout Window{5802189 u0 com.example.dogglers/androidx.test.core.app.InstrumentationActivityInvoker$EmptyActivity}: viewVisibility=8 req=1080x2340
07-27 14:25:57.105  5800  7828 V WindowManager: Relayout 5851: mAttrs={(0,0)(fillxfill) sim={adjust=pan forwardNavigation} ty=BASE_APPLICATION wanim=0x1030001
07-27 14:25:57.105  5800  7828 V WindowManager:   fl=1810100
07-27 14:25:57.105  5800  7828 V WindowManager:   pfl=10020000
07-27 14:25:57.105  5800  7828 V WindowManager:   vsysui=10 naviIconColor=0}
07-27 14:25:57.107  5851  5851 D ViewRootImpl@5af575e[InstrumentationActivityInvoker$EmptyActivity]: Relayout returned: old=(0,0,1080,2340) new=(0,0,1080,2340) req=(1080,2340)8 dur=5 res=0x5 s={false 0} ch=true
07-27 14:25:57.111  5851  5851 D LifecycleMonitor: Lifecycle status change: androidx.test.core.app.InstrumentationActivityInvoker$EmptyActivity@90bf555 in: PAUSED
07-27 14:25:57.112  5851  5851 V ActivityScenario: Activity lifecycle changed event received but ignored because the intent does not match. startActivityIntent=Intent { act=android.intent.action.MAIN cat=[android.intent.category.LAUNCHER] cmp=com.example.dogglers/.VerticalListActivity }, activity.getIntent()=Intent { act=android.intent.action.MAIN cat=[android.intent.category.LAUNCHER] flg=0x10000000 cmp=com.example.dogglers/androidx.test.core.app.InstrumentationActivityInvoker$EmptyActivity }, activity=androidx.test.core.app.InstrumentationActivityInvoker$EmptyActivity@90bf555
07-27 14:25:57.117  5800  6317 D InputDispatcher: Focus left window (5851): fa98d8  in display 0 0
07-27 14:25:57.121  5851  5851 D ViewRootImpl@3f8f436[InstrumentationActivityInvoker$EmptyActivity]: MSG_WINDOW_FOCUS_CHANGED 0 1
07-27 14:25:57.121  5851  5851 D InputMethodManager: prepareNavigationBarInfo() DecorView@522d85b[InstrumentationActivityInvoker$EmptyActivity]
07-27 14:25:57.121  5851  5851 D InputMethodManager: getNavigationBarColor() -855310
07-27 14:25:57.123  5851  5888 I TestRunner: finished: vertical_scroll_content_at_first_position(com.example.dogglers.VerticalListTests)
